ben	basic		in	ben
ben	probhat		in	ben_probhat	
dev	basic		in	deva
dvorak	$dvoraklayouts	%v	dvorak
dvorak	basic		us	dvorak
dvorak	pl_basic	pl	dvorak
dvorak	pl		pl	dvorak_quotes
dvorak	pl_altquotes	pl	dvorak_altquotes
dzdwi	basic		bt	basic
fi	basic		fi	classic
ge	azerty_tskapo	fr	geo
guj	basic		in	guj
gur	basic		in	guru
ie	laptop		ie	basic
ie	CloGaelachLaptop	ie	CloGaelach
il	si1452		ie	basic
in	urd		in	urd-phonetic
iu	basic		ca	ike
lo	basic		la	basic
kan	basic		in	kan
mal	basic		in	mal
mal	mlplusnum	in	mal
ogham	basic		ie	ogam
ogham	laptop		ie	ogam
ogham	is434		ie	ogam_is434
ogham	is434laptop	ie	ogam_is434
ori	basic		in	ori
ro	de		ro	winkeys
ro	us		ro	std
ro	academic	ro	std
ro	std_comma	ro	std
ro	comma		ro	basic	
ru	os		ru	os_legacy
pk	urd		pk	urd-phonetic
sapmi	basic		no	smi
sapmi	nodeadkeys	no	smi_nodeadkeys
sapmi	sefi		fi	smi
sin	phonetic-static	in	sin_phonetic	
syr	basic		sy	syc
syr	phonetic	sy	syc_phonetic
tam	INSCRIPT	in	tam
tam	UNI		in	tam_unicode
tam     NUMERAL-KEYBOARD    in      tam_keyboard_with_numerals
tam	TAB		in	tam_TAB
tam	TSCII		in	tam_TSCII
tel	basic		in	tel
yu	basic		srp	latin
yu	unicode		srp	latinunicode
yu	yz		srp	latinyz
yu	unicodeyz	srp	latinunicodeyz
